*** Starting uWSGI 2.0.28 (64bit) on [Wed Jan  8 19:03:45 2025] ***
compiled with version: 12.2.0 on 08 January 2025 18:58:58
os: Linux-6.1.0-28-cloud-amd64 #1 SMP PREEMPT_DYNAMIC Debian 6.1.119-1 (2024-11-22)
nodename: foundyou-instance
machine: x86_64
clock source: unix
detected number of CPU cores: 4
current working directory: /home/fszczepanski48/django_rest_api
detected binary path: /home/fszczepanski48/django_rest_api/venv/bin/uwsgi
!!! no internal routing support, rebuild with pcre support !!!
chdir() to /home/fszczepanski48/django_rest_api
your processes number limit is 63917
your memory page size is 4096 bytes
detected max file descriptor number: 1048576
lock engine: pthread robust mutexes
thunder lock: disabled (you can enable it with --thunder-lock)
uwsgi socket 0 bound to TCP address 127.0.0.1:8000 fd 3
Python version: 3.11.2 (main, Sep 14 2024, 03:00:30) [GCC 12.2.0]
PEP 405 virtualenv detected: /home/fszczepanski48/django_rest_api/venv
Set PythonHome to /home/fszczepanski48/django_rest_api/venv
Python main interpreter initialized at 0x7f5a0ad60018
python threads support enabled
your server socket listen backlog is limited to 100 connections
your mercy for graceful operations on workers is 60 seconds
mapped 333376 bytes (325 KB) for 6 cores
*** Operational MODE: preforking+threaded ***
added /home/fszczepanski48/django_rest_api/ to pythonpath.
WSGI app 0 (mountpoint='') ready in 0 seconds on interpreter 0x7f5a0ad60018 pid: 4914 (default app)
mountpoint  already configured. skip.
*** uWSGI is running in multiple interpreter mode ***
spawned uWSGI master process (pid: 4914)
spawned uWSGI worker 1 (pid: 4915, cores: 2)
spawned uWSGI worker 2 (pid: 4917, cores: 2)
spawned uWSGI worker 3 (pid: 4918, cores: 2)
SIGINT/SIGTERM received...killing workers...
worker 1 buried after 1 seconds
worker 2 buried after 1 seconds
worker 3 buried after 1 seconds
goodbye to uWSGI.
*** Starting uWSGI 2.0.28 (64bit) on [Wed Jan  8 19:05:46 2025] ***
compiled with version: 12.2.0 on 08 January 2025 18:58:58
os: Linux-6.1.0-28-cloud-amd64 #1 SMP PREEMPT_DYNAMIC Debian 6.1.119-1 (2024-11-22)
nodename: foundyou-instance
machine: x86_64
clock source: unix
detected number of CPU cores: 4
current working directory: /home/fszczepanski48/django_rest_api
detected binary path: /home/fszczepanski48/django_rest_api/venv/bin/uwsgi
!!! no internal routing support, rebuild with pcre support !!!
chdir() to /home/fszczepanski48/django_rest_api
your processes number limit is 63917
your memory page size is 4096 bytes
detected max file descriptor number: 1048576
lock engine: pthread robust mutexes
thunder lock: disabled (you can enable it with --thunder-lock)
uwsgi socket 0 bound to TCP address 0.0.0.0:8000 fd 3
Python version: 3.11.2 (main, Sep 14 2024, 03:00:30) [GCC 12.2.0]
PEP 405 virtualenv detected: /home/fszczepanski48/django_rest_api/venv
Set PythonHome to /home/fszczepanski48/django_rest_api/venv
Python main interpreter initialized at 0x7f7ee5560018
python threads support enabled
your server socket listen backlog is limited to 100 connections
your mercy for graceful operations on workers is 60 seconds
mapped 333376 bytes (325 KB) for 6 cores
*** Operational MODE: preforking+threaded ***
added /home/fszczepanski48/django_rest_api/ to pythonpath.
WSGI app 0 (mountpoint='') ready in 0 seconds on interpreter 0x7f7ee5560018 pid: 5080 (default app)
mountpoint  already configured. skip.
*** uWSGI is running in multiple interpreter mode ***
spawned uWSGI master process (pid: 5080)
spawned uWSGI worker 1 (pid: 5081, cores: 2)
spawned uWSGI worker 2 (pid: 5083, cores: 2)
spawned uWSGI worker 3 (pid: 5084, cores: 2)
Gracefully killing worker 3 (pid: 5084)...
Gracefully killing worker 1 (pid: 5081)...
Gracefully killing worker 2 (pid: 5083)...
...gracefully killing workers...
Gracefully killing worker 2 (pid: 5083)...
Gracefully killing worker 3 (pid: 5084)...
Gracefully killing worker 1 (pid: 5081)...
worker 1 buried after 1 seconds
worker 2 buried after 1 seconds
worker 3 buried after 1 seconds
binary reloading uWSGI...
chdir() to /home/fszczepanski48/django_rest_api
closing all non-uwsgi socket fds > 2 (max_fd = 1048576)...
found fd 3 mapped to socket 0 (0.0.0.0:8000)
running /home/fszczepanski48/django_rest_api/venv/bin/uwsgi
[uWSGI] getting INI configuration from uwsgi.ini
*** Starting uWSGI 2.0.28 (64bit) on [Wed Jan  8 19:12:02 2025] ***
compiled with version: 12.2.0 on 08 January 2025 18:58:58
os: Linux-6.1.0-28-cloud-amd64 #1 SMP PREEMPT_DYNAMIC Debian 6.1.119-1 (2024-11-22)
nodename: foundyou-instance
machine: x86_64
clock source: unix
detected number of CPU cores: 4
current working directory: /home/fszczepanski48/django_rest_api
detected binary path: /home/fszczepanski48/django_rest_api/venv/bin/uwsgi
!!! no internal routing support, rebuild with pcre support !!!
chdir() to /home/fszczepanski48/django_rest_api
your processes number limit is 63917
your memory page size is 4096 bytes
detected max file descriptor number: 1048576
lock engine: pthread robust mutexes
thunder lock: disabled (you can enable it with --thunder-lock)
uwsgi socket 0 inherited INET address 0.0.0.0:8000 fd 3
Python version: 3.11.2 (main, Sep 14 2024, 03:00:30) [GCC 12.2.0]
PEP 405 virtualenv detected: /home/fszczepanski48/django_rest_api/venv
Set PythonHome to /home/fszczepanski48/django_rest_api/venv
Python main interpreter initialized at 0x7fb704960018
python threads support enabled
your server socket listen backlog is limited to 100 connections
your mercy for graceful operations on workers is 60 seconds
mapped 333376 bytes (325 KB) for 6 cores
*** Operational MODE: preforking+threaded ***
added /home/fszczepanski48/django_rest_api/ to pythonpath.
WSGI app 0 (mountpoint='') ready in 0 seconds on interpreter 0x7fb704960018 pid: 5080 (default app)
mountpoint  already configured. skip.
*** uWSGI is running in multiple interpreter mode ***
gracefully (RE)spawned uWSGI master process (pid: 5080)
spawned uWSGI worker 1 (pid: 5261, cores: 2)
spawned uWSGI worker 2 (pid: 5262, cores: 2)
spawned uWSGI worker 3 (pid: 5264, cores: 2)
*** Starting uWSGI 2.0.28 (64bit) on [Wed Jan  8 19:16:00 2025] ***
compiled with version: 12.2.0 on 08 January 2025 18:58:58
os: Linux-6.1.0-28-cloud-amd64 #1 SMP PREEMPT_DYNAMIC Debian 6.1.119-1 (2024-11-22)
nodename: foundyou-instance
machine: x86_64
clock source: unix
detected number of CPU cores: 4
current working directory: /home/fszczepanski48/django_rest_api
detected binary path: /home/fszczepanski48/django_rest_api/venv/bin/uwsgi
!!! no internal routing support, rebuild with pcre support !!!
chdir() to /home/fszczepanski48/django_rest_api
your processes number limit is 63917
your memory page size is 4096 bytes
detected max file descriptor number: 1048576
lock engine: pthread robust mutexes
thunder lock: disabled (you can enable it with --thunder-lock)
probably another instance of uWSGI is running on the same address (0.0.0.0:8000).
bind(): Address already in use [core/socket.c line 769]
...brutally killing workers...
worker 1 buried after 1 seconds
worker 2 buried after 1 seconds
worker 3 buried after 1 seconds
binary reloading uWSGI...
chdir() to /home/fszczepanski48/django_rest_api
closing all non-uwsgi socket fds > 2 (max_fd = 1048576)...
found fd 3 mapped to socket 0 (0.0.0.0:8000)
running /home/fszczepanski48/django_rest_api/venv/bin/uwsgi
[uWSGI] getting INI configuration from uwsgi.ini
*** Starting uWSGI 2.0.28 (64bit) on [Wed Jan  8 19:21:20 2025] ***
compiled with version: 12.2.0 on 08 January 2025 18:58:58
os: Linux-6.1.0-28-cloud-amd64 #1 SMP PREEMPT_DYNAMIC Debian 6.1.119-1 (2024-11-22)
nodename: foundyou-instance
machine: x86_64
clock source: unix
detected number of CPU cores: 4
current working directory: /home/fszczepanski48/django_rest_api
detected binary path: /home/fszczepanski48/django_rest_api/venv/bin/uwsgi
!!! no internal routing support, rebuild with pcre support !!!
chdir() to /home/fszczepanski48/django_rest_api
your processes number limit is 63917
your memory page size is 4096 bytes
detected max file descriptor number: 1048576
lock engine: pthread robust mutexes
thunder lock: disabled (you can enable it with --thunder-lock)
uwsgi socket 0 inherited INET address 0.0.0.0:8000 fd 3
Python version: 3.11.2 (main, Sep 14 2024, 03:00:30) [GCC 12.2.0]
PEP 405 virtualenv detected: /home/fszczepanski48/django_rest_api/venv
Set PythonHome to /home/fszczepanski48/django_rest_api/venv
Python main interpreter initialized at 0x7f9cafb60018
python threads support enabled
your server socket listen backlog is limited to 100 connections
your mercy for graceful operations on workers is 60 seconds
mapped 333376 bytes (325 KB) for 6 cores
*** Operational MODE: preforking+threaded ***
added /home/fszczepanski48/django_rest_api/ to pythonpath.
WSGI app 0 (mountpoint='') ready in 0 seconds on interpreter 0x7f9cafb60018 pid: 5080 (default app)
mountpoint  already configured. skip.
*** uWSGI is running in multiple interpreter mode ***
gracefully (RE)spawned uWSGI master process (pid: 5080)
spawned uWSGI worker 1 (pid: 6279, cores: 2)
spawned uWSGI worker 2 (pid: 6281, cores: 2)
spawned uWSGI worker 3 (pid: 6283, cores: 2)
...brutally killing workers...
worker 1 buried after 1 seconds
worker 2 buried after 1 seconds
worker 3 buried after 1 seconds
binary reloading uWSGI...
chdir() to /home/fszczepanski48/django_rest_api
closing all non-uwsgi socket fds > 2 (max_fd = 1048576)...
found fd 3 mapped to socket 0 (0.0.0.0:8000)
running /home/fszczepanski48/django_rest_api/venv/bin/uwsgi
[uWSGI] getting INI configuration from uwsgi.ini
*** Starting uWSGI 2.0.28 (64bit) on [Wed Jan  8 19:23:33 2025] ***
compiled with version: 12.2.0 on 08 January 2025 18:58:58
os: Linux-6.1.0-28-cloud-amd64 #1 SMP PREEMPT_DYNAMIC Debian 6.1.119-1 (2024-11-22)
nodename: foundyou-instance
machine: x86_64
clock source: unix
detected number of CPU cores: 4
current working directory: /home/fszczepanski48/django_rest_api
detected binary path: /home/fszczepanski48/django_rest_api/venv/bin/uwsgi
!!! no internal routing support, rebuild with pcre support !!!
chdir() to /home/fszczepanski48/django_rest_api
your processes number limit is 63917
your memory page size is 4096 bytes
detected max file descriptor number: 1048576
lock engine: pthread robust mutexes
thunder lock: disabled (you can enable it with --thunder-lock)
uwsgi socket 0 inherited INET address 0.0.0.0:8000 fd 3
Python version: 3.11.2 (main, Sep 14 2024, 03:00:30) [GCC 12.2.0]
PEP 405 virtualenv detected: /home/fszczepanski48/django_rest_api/venv
Set PythonHome to /home/fszczepanski48/django_rest_api/venv
Python main interpreter initialized at 0x7fa525b60018
python threads support enabled
your server socket listen backlog is limited to 100 connections
your mercy for graceful operations on workers is 60 seconds
mapped 333376 bytes (325 KB) for 6 cores
*** Operational MODE: preforking+threaded ***
added /home/fszczepanski48/django_rest_api/ to pythonpath.
WSGI app 0 (mountpoint='') ready in 0 seconds on interpreter 0x7fa525b60018 pid: 5080 (default app)
mountpoint  already configured. skip.
*** uWSGI is running in multiple interpreter mode ***
gracefully (RE)spawned uWSGI master process (pid: 5080)
spawned uWSGI worker 1 (pid: 6645, cores: 2)
spawned uWSGI worker 2 (pid: 6647, cores: 2)
spawned uWSGI worker 3 (pid: 6649, cores: 2)
...brutally killing workers...
worker 1 buried after 1 seconds
worker 2 buried after 1 seconds
worker 3 buried after 1 seconds
binary reloading uWSGI...
chdir() to /home/fszczepanski48/django_rest_api
closing all non-uwsgi socket fds > 2 (max_fd = 1048576)...
found fd 3 mapped to socket 0 (0.0.0.0:8000)
running /home/fszczepanski48/django_rest_api/venv/bin/uwsgi
[uWSGI] getting INI configuration from uwsgi.ini
*** Starting uWSGI 2.0.28 (64bit) on [Wed Jan  8 20:23:33 2025] ***
compiled with version: 12.2.0 on 08 January 2025 18:58:58
os: Linux-6.1.0-28-cloud-amd64 #1 SMP PREEMPT_DYNAMIC Debian 6.1.119-1 (2024-11-22)
nodename: foundyou-instance
machine: x86_64
clock source: unix
detected number of CPU cores: 4
current working directory: /home/fszczepanski48/django_rest_api
detected binary path: /home/fszczepanski48/django_rest_api/venv/bin/uwsgi
!!! no internal routing support, rebuild with pcre support !!!
chdir() to /home/fszczepanski48/django_rest_api
your processes number limit is 63917
your memory page size is 4096 bytes
detected max file descriptor number: 1048576
lock engine: pthread robust mutexes
thunder lock: disabled (you can enable it with --thunder-lock)
uwsgi socket 0 bound to TCP address 0.0.0.0:8080 fd 3
Python version: 3.11.2 (main, Sep 14 2024, 03:00:30) [GCC 12.2.0]
PEP 405 virtualenv detected: /home/fszczepanski48/django_rest_api/venv
Set PythonHome to /home/fszczepanski48/django_rest_api/venv
Python main interpreter initialized at 0x7f2833960018
python threads support enabled
your server socket listen backlog is limited to 100 connections
your mercy for graceful operations on workers is 60 seconds
mapped 333376 bytes (325 KB) for 6 cores
*** Operational MODE: preforking+threaded ***
added /home/fszczepanski48/django_rest_api/ to pythonpath.
WSGI app 0 (mountpoint='') ready in 0 seconds on interpreter 0x7f2833960018 pid: 5080 (default app)
mountpoint  already configured. skip.
*** uWSGI is running in multiple interpreter mode ***
gracefully (RE)spawned uWSGI master process (pid: 5080)
spawned uWSGI worker 1 (pid: 8755, cores: 2)
spawned uWSGI worker 2 (pid: 8757, cores: 2)
spawned uWSGI worker 3 (pid: 8758, cores: 2)
invalid request block size: 21573 (max 4096)...skip
...brutally killing workers...
worker 1 buried after 1 seconds
worker 2 buried after 1 seconds
worker 3 buried after 1 seconds
binary reloading uWSGI...
chdir() to /home/fszczepanski48/django_rest_api
closing all non-uwsgi socket fds > 2 (max_fd = 1048576)...
found fd 3 mapped to socket 0 (0.0.0.0:8080)
running /home/fszczepanski48/django_rest_api/venv/bin/uwsgi
[uWSGI] getting INI configuration from uwsgi.ini
*** Starting uWSGI 2.0.28 (64bit) on [Wed Jan  8 22:06:45 2025] ***
compiled with version: 12.2.0 on 08 January 2025 18:58:58
os: Linux-6.1.0-28-cloud-amd64 #1 SMP PREEMPT_DYNAMIC Debian 6.1.119-1 (2024-11-22)
nodename: foundyou-instance
machine: x86_64
clock source: unix
detected number of CPU cores: 4
current working directory: /home/fszczepanski48/django_rest_api
detected binary path: /home/fszczepanski48/django_rest_api/venv/bin/uwsgi
!!! no internal routing support, rebuild with pcre support !!!
chdir() to /home/fszczepanski48/django_rest_api
your processes number limit is 63917
your memory page size is 4096 bytes
detected max file descriptor number: 1048576
lock engine: pthread robust mutexes
thunder lock: disabled (you can enable it with --thunder-lock)
uwsgi socket 0 bound to TCP address 0.0.0.0:8000 fd 3
Python version: 3.11.2 (main, Sep 14 2024, 03:00:30) [GCC 12.2.0]
PEP 405 virtualenv detected: /home/fszczepanski48/django_rest_api/venv
Set PythonHome to /home/fszczepanski48/django_rest_api/venv
Python main interpreter initialized at 0x7f17cef60018
python threads support enabled
your server socket listen backlog is limited to 100 connections
your mercy for graceful operations on workers is 60 seconds
mapped 333376 bytes (325 KB) for 6 cores
*** Operational MODE: preforking+threaded ***
added /home/fszczepanski48/django_rest_api/ to pythonpath.
WSGI app 0 (mountpoint='') ready in 0 seconds on interpreter 0x7f17cef60018 pid: 5080 (default app)
mountpoint  already configured. skip.
*** uWSGI is running in multiple interpreter mode ***
gracefully (RE)spawned uWSGI master process (pid: 5080)
spawned uWSGI worker 1 (pid: 9893, cores: 2)
spawned uWSGI worker 2 (pid: 9895, cores: 2)
spawned uWSGI worker 3 (pid: 9897, cores: 2)
invalid request block size: 21327 (max 4096)...skip
invalid request block size: 21327 (max 4096)...skip
invalid request block size: 21327 (max 4096)...skip
invalid request block size: 21573 (max 4096)...skip
invalid request block size: 21573 (max 4096)...skip
invalid request block size: 21573 (max 4096)...skip
invalid request block size: 21573 (max 4096)...skip
invalid request block size: 21573 (max 4096)...skip
invalid request block size: 21573 (max 4096)...skip
invalid request block size: 21573 (max 4096)...skip
invalid request block size: 21573 (max 4096)...skip
invalid request block size: 21573 (max 4096)...skip
...brutally killing workers...
worker 1 buried after 1 seconds
worker 2 buried after 1 seconds
worker 3 buried after 1 seconds
binary reloading uWSGI...
chdir() to /home/fszczepanski48/django_rest_api
closing all non-uwsgi socket fds > 2 (max_fd = 1048576)...
found fd 3 mapped to socket 0 (0.0.0.0:8000)
running /home/fszczepanski48/django_rest_api/venv/bin/uwsgi
[uWSGI] getting INI configuration from uwsgi.ini
*** Starting uWSGI 2.0.28 (64bit) on [Wed Jan  8 22:12:02 2025] ***
compiled with version: 12.2.0 on 08 January 2025 18:58:58
os: Linux-6.1.0-28-cloud-amd64 #1 SMP PREEMPT_DYNAMIC Debian 6.1.119-1 (2024-11-22)
nodename: foundyou-instance
machine: x86_64
clock source: unix
detected number of CPU cores: 4
current working directory: /home/fszczepanski48/django_rest_api
detected binary path: /home/fszczepanski48/django_rest_api/venv/bin/uwsgi
!!! no internal routing support, rebuild with pcre support !!!
chdir() to /home/fszczepanski48/django_rest_api
your processes number limit is 63917
your memory page size is 4096 bytes
detected max file descriptor number: 1048576
lock engine: pthread robust mutexes
thunder lock: disabled (you can enable it with --thunder-lock)
uwsgi socket 0 inherited INET address 0.0.0.0:8000 fd 3
Python version: 3.11.2 (main, Sep 14 2024, 03:00:30) [GCC 12.2.0]
PEP 405 virtualenv detected: /home/fszczepanski48/django_rest_api/venv
Set PythonHome to /home/fszczepanski48/django_rest_api/venv
Python main interpreter initialized at 0x7f5831960018
python threads support enabled
your server socket listen backlog is limited to 100 connections
your mercy for graceful operations on workers is 60 seconds
mapped 333376 bytes (325 KB) for 6 cores
*** Operational MODE: preforking+threaded ***
added /home/fszczepanski48/django_rest_api/ to pythonpath.
WSGI app 0 (mountpoint='') ready in 0 seconds on interpreter 0x7f5831960018 pid: 5080 (default app)
mountpoint  already configured. skip.
*** uWSGI is running in multiple interpreter mode ***
gracefully (RE)spawned uWSGI master process (pid: 5080)
spawned uWSGI worker 1 (pid: 10502, cores: 2)
spawned uWSGI worker 2 (pid: 10504, cores: 2)
spawned uWSGI worker 3 (pid: 10506, cores: 2)
invalid request block size: 21573 (max 4096)...skip
...brutally killing workers...
worker 1 buried after 1 seconds
worker 2 buried after 1 seconds
worker 3 buried after 1 seconds
binary reloading uWSGI...
chdir() to /home/fszczepanski48/django_rest_api
closing all non-uwsgi socket fds > 2 (max_fd = 1048576)...
found fd 3 mapped to socket 0 (0.0.0.0:8000)
running /home/fszczepanski48/django_rest_api/venv/bin/uwsgi
[uWSGI] getting INI configuration from uwsgi.ini
*** Starting uWSGI 2.0.28 (64bit) on [Wed Jan  8 22:12:35 2025] ***
compiled with version: 12.2.0 on 08 January 2025 18:58:58
os: Linux-6.1.0-28-cloud-amd64 #1 SMP PREEMPT_DYNAMIC Debian 6.1.119-1 (2024-11-22)
nodename: foundyou-instance
machine: x86_64
clock source: unix
detected number of CPU cores: 4
current working directory: /home/fszczepanski48/django_rest_api
detected binary path: /home/fszczepanski48/django_rest_api/venv/bin/uwsgi
!!! no internal routing support, rebuild with pcre support !!!
chdir() to /home/fszczepanski48/django_rest_api
your processes number limit is 63917
your memory page size is 4096 bytes
detected max file descriptor number: 1048576
lock engine: pthread robust mutexes
thunder lock: disabled (you can enable it with --thunder-lock)
uwsgi socket 0 inherited INET address 0.0.0.0:8000 fd 3
Python version: 3.11.2 (main, Sep 14 2024, 03:00:30) [GCC 12.2.0]
PEP 405 virtualenv detected: /home/fszczepanski48/django_rest_api/venv
Set PythonHome to /home/fszczepanski48/django_rest_api/venv
Python main interpreter initialized at 0x7fd18d160018
python threads support enabled
your server socket listen backlog is limited to 100 connections
your mercy for graceful operations on workers is 60 seconds
mapped 333376 bytes (325 KB) for 6 cores
*** Operational MODE: preforking+threaded ***
added /home/fszczepanski48/django_rest_api/ to pythonpath.
WSGI app 0 (mountpoint='') ready in 0 seconds on interpreter 0x7fd18d160018 pid: 5080 (default app)
mountpoint  already configured. skip.
*** uWSGI is running in multiple interpreter mode ***
gracefully (RE)spawned uWSGI master process (pid: 5080)
spawned uWSGI worker 1 (pid: 10598, cores: 2)
spawned uWSGI worker 2 (pid: 10600, cores: 2)
spawned uWSGI worker 3 (pid: 10601, cores: 2)
...brutally killing workers...
worker 1 buried after 1 seconds
worker 2 buried after 1 seconds
worker 3 buried after 1 seconds
binary reloading uWSGI...
chdir() to /home/fszczepanski48/django_rest_api
closing all non-uwsgi socket fds > 2 (max_fd = 1048576)...
found fd 3 mapped to socket 0 (0.0.0.0:8000)
running /home/fszczepanski48/django_rest_api/venv/bin/uwsgi
[uWSGI] getting INI configuration from uwsgi.ini
*** Starting uWSGI 2.0.28 (64bit) on [Wed Jan  8 22:12:45 2025] ***
compiled with version: 12.2.0 on 08 January 2025 18:58:58
os: Linux-6.1.0-28-cloud-amd64 #1 SMP PREEMPT_DYNAMIC Debian 6.1.119-1 (2024-11-22)
nodename: foundyou-instance
machine: x86_64
clock source: unix
detected number of CPU cores: 4
current working directory: /home/fszczepanski48/django_rest_api
detected binary path: /home/fszczepanski48/django_rest_api/venv/bin/uwsgi
!!! no internal routing support, rebuild with pcre support !!!
chdir() to /home/fszczepanski48/django_rest_api
your processes number limit is 63917
your memory page size is 4096 bytes
detected max file descriptor number: 1048576
lock engine: pthread robust mutexes
thunder lock: disabled (you can enable it with --thunder-lock)
uwsgi socket 0 inherited INET address 0.0.0.0:8000 fd 3
Python version: 3.11.2 (main, Sep 14 2024, 03:00:30) [GCC 12.2.0]
PEP 405 virtualenv detected: /home/fszczepanski48/django_rest_api/venv
Set PythonHome to /home/fszczepanski48/django_rest_api/venv
Python main interpreter initialized at 0x7f01e2b60018
python threads support enabled
your server socket listen backlog is limited to 100 connections
your mercy for graceful operations on workers is 60 seconds
mapped 333376 bytes (325 KB) for 6 cores
*** Operational MODE: preforking+threaded ***
added /home/fszczepanski48/django_rest_api/ to pythonpath.
WSGI app 0 (mountpoint='') ready in 0 seconds on interpreter 0x7f01e2b60018 pid: 5080 (default app)
mountpoint  already configured. skip.
*** uWSGI is running in multiple interpreter mode ***
gracefully (RE)spawned uWSGI master process (pid: 5080)
spawned uWSGI worker 1 (pid: 10664, cores: 2)
spawned uWSGI worker 2 (pid: 10666, cores: 2)
spawned uWSGI worker 3 (pid: 10667, cores: 2)
...brutally killing workers...
worker 1 buried after 1 seconds
worker 2 buried after 1 seconds
worker 3 buried after 1 seconds
binary reloading uWSGI...
chdir() to /home/fszczepanski48/django_rest_api
closing all non-uwsgi socket fds > 2 (max_fd = 1048576)...
found fd 3 mapped to socket 0 (0.0.0.0:8000)
running /home/fszczepanski48/django_rest_api/venv/bin/uwsgi
[uWSGI] getting INI configuration from uwsgi.ini
*** Starting uWSGI 2.0.28 (64bit) on [Wed Jan  8 22:12:57 2025] ***
compiled with version: 12.2.0 on 08 January 2025 18:58:58
os: Linux-6.1.0-28-cloud-amd64 #1 SMP PREEMPT_DYNAMIC Debian 6.1.119-1 (2024-11-22)
nodename: foundyou-instance
machine: x86_64
clock source: unix
detected number of CPU cores: 4
current working directory: /home/fszczepanski48/django_rest_api
detected binary path: /home/fszczepanski48/django_rest_api/venv/bin/uwsgi
!!! no internal routing support, rebuild with pcre support !!!
chdir() to /home/fszczepanski48/django_rest_api
your processes number limit is 63917
your memory page size is 4096 bytes
detected max file descriptor number: 1048576
lock engine: pthread robust mutexes
thunder lock: disabled (you can enable it with --thunder-lock)
uwsgi socket 0 inherited INET address 0.0.0.0:8000 fd 3
Python version: 3.11.2 (main, Sep 14 2024, 03:00:30) [GCC 12.2.0]
PEP 405 virtualenv detected: /home/fszczepanski48/django_rest_api/venv
Set PythonHome to /home/fszczepanski48/django_rest_api/venv
Python main interpreter initialized at 0x7fbab1d60018
python threads support enabled
your server socket listen backlog is limited to 100 connections
your mercy for graceful operations on workers is 60 seconds
mapped 333376 bytes (325 KB) for 6 cores
*** Operational MODE: preforking+threaded ***
added /home/fszczepanski48/django_rest_api/ to pythonpath.
WSGI app 0 (mountpoint='') ready in 0 seconds on interpreter 0x7fbab1d60018 pid: 5080 (default app)
mountpoint  already configured. skip.
*** uWSGI is running in multiple interpreter mode ***
gracefully (RE)spawned uWSGI master process (pid: 5080)
spawned uWSGI worker 1 (pid: 10722, cores: 2)
spawned uWSGI worker 2 (pid: 10724, cores: 2)
spawned uWSGI worker 3 (pid: 10726, cores: 2)
invalid request block size: 21573 (max 4096)...skip
Wed Jan  8 22:13:41 2025 - uWSGI worker 2 error: the master disconnected from this worker. Shutting down the worker.
Wed Jan  8 22:13:41 2025 - uWSGI worker 1 error: the master disconnected from this worker. Shutting down the worker.
Wed Jan  8 22:13:41 2025 - uWSGI worker 1 error: the master disconnected from this worker. Shutting down the worker.
Wed Jan  8 22:13:41 2025 - uWSGI worker 3 error: the master disconnected from this worker. Shutting down the worker.
Wed Jan  8 22:13:41 2025 - uWSGI worker 2 error: the master disconnected from this worker. Shutting down the worker.
